// Jest Snapshot v1, https://goo.gl/fbAQLP

exports[`Header should match the snapshot with all data passed in correctly 1`] = `
<header>
  <h1>
    <span
      className="title-style"
    >
      Board,
    </span>
    <br />
     not bored.
  </h1>
</header>
`;
