// Jest Snapshot v1, https://goo.gl/fbAQLP

exports[`LikeButton should match the snapshot with all data passed in correctly 1`] = `
<div>
  <img
    className="like-btn"
    onClick={[Function]}
  />
</div>
`;
